../Core/Src/main.c:77:5:main	120	static
../Core/Src/main.c:164:6:SystemClock_Config	96	static
../Core/Src/main.c:210:13:MX_I2C1_Init	8	static
../Core/Src/main.c:258:13:MX_USART2_UART_Init	8	static
../Core/Src/main.c:293:13:MX_GPIO_Init	56	static
../Core/Src/main.c:342:6:StartDefaultTask	32	static
../Core/Src/main.c:378:6:StartVisualTask	32	static
../Core/Src/main.c:414:6:StartAcceleroTask	16	static
../Core/Src/main.c:433:6:HAL_TIM_PeriodElapsedCallback	16	static
../Core/Src/main.c:450:6:Error_Handler	8	static,ignoring_inline_asm
