../Core/Src/main.c:77:5:_write	24	static
../Core/Src/main.c:83:16:platform_write	48	static
../Core/Src/main.c:88:16:platform_read	48	static
../Core/Src/main.c:99:5:main	120	static
../Core/Src/main.c:186:6:SystemClock_Config	96	static
../Core/Src/main.c:232:13:MX_I2C1_Init	8	static
../Core/Src/main.c:280:13:MX_USART2_UART_Init	8	static
../Core/Src/main.c:315:13:MX_GPIO_Init	56	static
../Core/Src/main.c:364:6:StartDefaultTask	16	static
../Core/Src/main.c:401:6:StartVisualTask	32	static
../Core/Src/main.c:437:6:StartAcceleroTask	40	static
../Core/Src/main.c:481:6:HAL_TIM_PeriodElapsedCallback	16	static
../Core/Src/main.c:498:6:Error_Handler	8	static,ignoring_inline_asm
